[   60847ms] SyntaxError: expected expression, got '.'
    at _promiseAwareJsonValueNoThrow/< (debugger eval code:337:30)
    at async*_promiseAwareJsonValueNoThrow (debugger eval code:339:9)
    at evaluate (debugger eval code:320:33)
    at  (debugger eval code:1:44)
    at  (debugger eval code:1:62)
    at evaluateFunction (chrome://juggler/content/content/Runtime.js:417:57)
    at callFunction (chrome://juggler/content/content/Runtime.js:103:41)
    at _onMessageInternal (chrome://juggler/content/SimpleChannel.js:237:37)
    at _onMessage (chrome://juggler/content/SimpleChannel.js:194:12)
    at bindToActor/actor.receiveMessage (chrome://juggler/content/SimpleChannel.js:39:44)
[   78622ms] SyntaxError: expected expression, got '.'
    at _promiseAwareJsonValueNoThrow/< (debugger eval code:337:30)
    at async*_promiseAwareJsonValueNoThrow (debugger eval code:339:9)
    at evaluate (debugger eval code:320:33)
    at  (debugger eval code:1:44)
    at  (debugger eval code:1:62)
    at evaluateFunction (chrome://juggler/content/content/Runtime.js:417:57)
    at callFunction (chrome://juggler/content/content/Runtime.js:103:41)
    at _onMessageInternal (chrome://juggler/content/SimpleChannel.js:237:37)
    at _onMessage (chrome://juggler/content/SimpleChannel.js:194:12)
    at bindToActor/actor.receiveMessage (chrome://juggler/content/SimpleChannel.js:39:44)
